[-0.1392846  -0.11116681 -0.26449206 -0.27858931 -0.30810439 -0.14968921
 -0.09447202 -0.14585538  0.08501889  0.15848263 -0.08214193 -0.01325316
  0.14947106 -0.0649086  -0.36480339 -0.14775211 -0.11782683 -0.2599415
 -0.28515257 -0.0905377   0.0980803   0.05291076 -0.0704939   0.00945358
  0.03710443 -0.0739189  -0.08710456  0.15971804 -0.05909646  0.03401982
  0.11368978  0.18807022  0.26154531  0.30770615  0.14548409  0.19288724
  0.383562    0.16111616  0.03852545 -0.06932341  0.08035318  0.02398674
 -0.01260595  0.04257085  0.29119355  0.26789519  0.15125526  0.17373195
  0.27665695  0.13183626  0.14195753]
