[-0.47370804 -0.22882972 -0.17098718 -0.03740668 -0.1331182  -0.36460383
 -0.15089813 -0.22213337 -0.15759448 -0.02401399 -0.12642185  0.00715865
 -0.3868865  -0.39577646 -0.08416563 -0.15540086 -0.07746928 -0.16648445
 -0.38019015 -0.24660965 -0.07077293  0.03163493  0.00935227  0.06280756
  0.05160848  0.18518898  0.08278112  0.21636161  0.2809005   0.20966526
  0.31207313  0.0805875   0.15851908  0.16740905  0.23864428  0.47012991
  0.37441839 -0.04410303  0.05830483 -0.0129304   0.11395375  0.34543938
  0.36772205  0.37661201  0.39219833  0.22305796  0.32546583  0.14293276
  0.31876948  0.53247517  0.46123994]
