[-0.52188333 -0.50112162 -0.42984112 -0.50125078 -0.5236967  -0.35683332
 -0.38732066 -0.41792324 -0.5444072  -0.39905631 -0.44620461 -0.45210505
 -0.33743959 -0.40682861 -0.47639785 -0.4552543  -0.38059134 -0.55295399
 -0.43369522 -0.40885491 -0.48980574 -0.49550079 -0.41034204 -0.50137384
 -0.43740675 -0.35470835 -0.50319884 -0.5238445  -0.50194786 -0.33142261
 -0.50728961 -0.43556368 -0.41173995 -0.48483987 -0.46553386 -0.35610584
 -0.3657635  -0.43209016 -0.54574333 -0.43253114 -0.35558502 -0.52390714
 -0.45315845 -0.45991493 -0.46509034 -0.38966641 -0.49660931 -0.43707138
 -0.37491253 -0.32893974 -0.35520657]
