[-0.53138973 -0.53401697 -0.53639193 -0.53851076 -0.54037354 -0.54198423
 -0.54335025 -0.54448177 -0.54539063 -0.54608928 -0.54658948 -0.54690111
 -0.54703108 -0.5469825  -0.54675437 -0.54634166 -0.54573594 -0.5449263
 -0.54390055 -0.54264645 -0.54115292 -0.53941111 -0.53741528 -0.53516341
 -0.5326574  -0.53138973 -0.53401697 -0.53639193 -0.53851076 -0.54037354
 -0.54198423 -0.54335025 -0.54448177 -0.54539063 -0.54608928 -0.54658948
 -0.54690111 -0.54703108 -0.5469825  -0.54675437 -0.54634166 -0.54573594
 -0.5449263  -0.54390055 -0.54264645 -0.54115292 -0.53941111 -0.53741528
 -0.53516341 -0.5326574 ]
